[demo.w3layouts.com/demos_new/template_demo/10-01-2018/medically-demo_Free/1061846007/web/index.html]
[backblue.gif]
[fade.gif]
[index.html]
[demo.w3layouts.com/demos_new/template_demo/10-01-2018/medically-demo_Free/1061846007/web/css/bootstrap.css]
[demo.w3layouts.com/demos_new/template_demo/10-01-2018/medically-demo_Free/1061846007/web/css/font-awesome.css]
[demo.w3layouts.com/demos_new/template_demo/10-01-2018/medically-demo_Free/1061846007/web/css/chocolat.css]
[demo.w3layouts.com/demos_new/template_demo/10-01-2018/medically-demo_Free/1061846007/web/css/owl.carousel.css]
[demo.w3layouts.com/demos_new/template_demo/10-01-2018/medically-demo_Free/1061846007/web/css/flexslider.css]
[demo.w3layouts.com/demos_new/template_demo/10-01-2018/medically-demo_Free/1061846007/web/css/style.css]
[m.servedby-buysellads.com/monetization.js]
[demo.w3layouts.com/assests/css/font-awesome.min.css]
[demo.w3layouts.com/demos_new/template_demo/10-01-2018/medically-demo_Free/1061846007/web/images/g1.jpg]
[demo.w3layouts.com/demos_new/template_demo/10-01-2018/medically-demo_Free/1061846007/web/images/a1.jpg]
[demo.w3layouts.com/demos_new/template_demo/10-01-2018/medically-demo_Free/1061846007/web/images/g4.jpg]
[demo.w3layouts.com/demos_new/template_demo/10-01-2018/medically-demo_Free/1061846007/web/images/g2.jpg]
[demo.w3layouts.com/demos_new/template_demo/10-01-2018/medically-demo_Free/1061846007/web/images/g3.jpg]
[demo.w3layouts.com/demos_new/template_demo/10-01-2018/medically-demo_Free/1061846007/web/images/g6.jpg]
[demo.w3layouts.com/demos_new/template_demo/10-01-2018/medically-demo_Free/1061846007/web/images/g5.jpg]
[demo.w3layouts.com/demos_new/template_demo/10-01-2018/medically-demo_Free/1061846007/web/images/t1.jpg]
[demo.w3layouts.com/demos_new/template_demo/10-01-2018/medically-demo_Free/1061846007/web/images/t2.jpg]
[demo.w3layouts.com/demos_new/template_demo/10-01-2018/medically-demo_Free/1061846007/web/images/t3.jpg]
[demo.w3layouts.com/demos_new/template_demo/10-01-2018/medically-demo_Free/1061846007/web/images/c1.jpg]
[demo.w3layouts.com/demos_new/template_demo/10-01-2018/medically-demo_Free/1061846007/web/images/c2.jpg]
[demo.w3layouts.com/demos_new/template_demo/10-01-2018/medically-demo_Free/1061846007/web/images/c3.jpg]
[demo.w3layouts.com/demos_new/template_demo/10-01-2018/medically-demo_Free/1061846007/web/js/jquery-2.2.3.min.js]
[demo.w3layouts.com/demos_new/template_demo/10-01-2018/medically-demo_Free/1061846007/web/js/bootstrap.js]
[demo.w3layouts.com/demos_new/template_demo/10-01-2018/medically-demo_Free/1061846007/web/js/jquery.flexslider.js]
[demo.w3layouts.com/demos_new/template_demo/10-01-2018/medically-demo_Free/1061846007/web/js/jquery.waypoints.min.js]
[demo.w3layouts.com/demos_new/template_demo/10-01-2018/medically-demo_Free/1061846007/web/js/jquery.countup.js]
[demo.w3layouts.com/demos_new/template_demo/10-01-2018/medically-demo_Free/1061846007/web/js/jquery.chocolat.js]
[demo.w3layouts.com/demos_new/template_demo/10-01-2018/medically-demo_Free/1061846007/web/js/owl.carousel.js]
[demo.w3layouts.com/demos_new/template_demo/10-01-2018/medically-demo_Free/1061846007/web/js/move-top.js]
[demo.w3layouts.com/demos_new/template_demo/10-01-2018/medically-demo_Free/1061846007/web/js/easing.js]
[demo.w3layouts.com/demos_new/template_demo/10-01-2018/medically-demo_Free/1061846007/web/index.html]
[fonts.googleapis.com/css4abf.css]
[m.servedby-buysellads.com/monetization.js]
[demo.w3layouts.com/demos_new/template_demo/10-01-2018/medically-demo_Free/1061846007/web/fonts/glyphicons-halflings-regular.21.delayed]
[demo.w3layouts.com/demos_new/template_demo/10-01-2018/medically-demo_Free/1061846007/web/fonts/glyphicons-halflings-regulard41d.eot]
[demo.w3layouts.com/demos_new/template_demo/10-01-2018/medically-demo_Free/1061846007/web/fonts/glyphicons-halflings-regular.woff2]
[demo.w3layouts.com/demos_new/template_demo/10-01-2018/medically-demo_Free/1061846007/web/fonts/glyphicons-halflings-regular.woff]
[demo.w3layouts.com/demos_new/template_demo/10-01-2018/medically-demo_Free/1061846007/web/fonts/glyphicons-halflings-regular.ttf]
[demo.w3layouts.com/demos_new/template_demo/10-01-2018/medically-demo_Free/1061846007/web/fonts/glyphicons-halflings-regular.svg]
[demo.w3layouts.com/demos_new/template_demo/10-01-2018/medically-demo_Free/1061846007/web/css/bootstrap.css]
[demo.w3layouts.com/demos_new/template_demo/10-01-2018/medically-demo_Free/1061846007/web/fonts/fontawesome-webfont5b62.eot]
[demo.w3layouts.com/demos_new/template_demo/10-01-2018/medically-demo_Free/1061846007/web/fonts/fontawesome-webfontd41d.eot]
[demo.w3layouts.com/demos_new/template_demo/10-01-2018/medically-demo_Free/1061846007/web/fonts/fontawesome-webfont5b62.woff2]
[demo.w3layouts.com/demos_new/template_demo/10-01-2018/medically-demo_Free/1061846007/web/fonts/fontawesome-webfont5b62.woff]
[demo.w3layouts.com/demos_new/template_demo/10-01-2018/medically-demo_Free/1061846007/web/fonts/fontawesome-webfont5b62.ttf]
[demo.w3layouts.com/demos_new/template_demo/10-01-2018/medically-demo_Free/1061846007/web/css/font-awesome.css]
[demo.w3layouts.com/demos_new/template_demo/10-01-2018/medically-demo_Free/1061846007/web/fonts/fontawesome-webfont5b62.svg]
[demo.w3layouts.com/demos_new/template_demo/10-01-2018/medically-demo_Free/1061846007/web/images/left.png]
[demo.w3layouts.com/demos_new/template_demo/10-01-2018/medically-demo_Free/1061846007/web/images/right.png]
[demo.w3layouts.com/demos_new/template_demo/10-01-2018/medically-demo_Free/1061846007/web/images/close.png]
[demo.w3layouts.com/demos_new/template_demo/10-01-2018/medically-demo_Free/1061846007/web/images/loading.30.delayed]
[demo.w3layouts.com/demos_new/template_demo/10-01-2018/medically-demo_Free/1061846007/web/css/chocolat.css]
[demo.w3layouts.com/demos_new/template_demo/10-01-2018/medically-demo_Free/1061846007/web/css/grabbing.png]
[demo.w3layouts.com/demos_new/template_demo/10-01-2018/medically-demo_Free/1061846007/web/css/AjaxLoader.gif]
[demo.w3layouts.com/demos_new/template_demo/10-01-2018/medically-demo_Free/1061846007/web/css/owl.carousel.css]
[demo.w3layouts.com/demos_new/template_demo/10-01-2018/medically-demo_Free/1061846007/web/css/flexslider.css]
[demo.w3layouts.com/demos_new/template_demo/10-01-2018/medically-demo_Free/1061846007/web/images/b1.jpg]
[demo.w3layouts.com/demos_new/template_demo/10-01-2018/medically-demo_Free/1061846007/web/images/b3.jpg]
[demo.w3layouts.com/demos_new/template_demo/10-01-2018/medically-demo_Free/1061846007/web/images/b4.jpg]
[demo.w3layouts.com/demos_new/template_demo/10-01-2018/medically-demo_Free/1061846007/web/images/b.jpg]
[demo.w3layouts.com/demos_new/template_demo/10-01-2018/medically-demo_Free/1061846007/web/images/arr.png]
[demo.w3layouts.com/demos_new/template_demo/10-01-2018/medically-demo_Free/1061846007/web/css/style.css]
[demo.w3layouts.com/assests/css/font-awesome.min.css]
[demo.w3layouts.com/demos_new/template_demo/10-01-2018/medically-demo_Free/1061846007/web/fonts/glyphicons-halflings-regular.html]
[demo.w3layouts.com/demos_new/template_demo/10-01-2018/medically-demo_Free/1061846007/web/fonts/glyphicons-halflings-regulard41d.html]
[demo.w3layouts.com/demos_new/template_demo/10-01-2018/medically-demo_Free/1061846007/web/fonts/glyphicons-halflings-regular-2.html]
[demo.w3layouts.com/demos_new/template_demo/10-01-2018/medically-demo_Free/1061846007/web/fonts/glyphicons-halflings-regular-3.html]
[demo.w3layouts.com/demos_new/template_demo/10-01-2018/medically-demo_Free/1061846007/web/fonts/glyphicons-halflings-regular-4.html]
[demo.w3layouts.com/demos_new/template_demo/10-01-2018/medically-demo_Free/1061846007/web/fonts/glyphicons-halflings-regular-5.html]
[demo.w3layouts.com/demos_new/template_demo/10-01-2018/medically-demo_Free/1061846007/web/fonts/fontawesome-webfont5b62.svg]
[demo.w3layouts.com/demos_new/template_demo/10-01-2018/medically-demo_Free/1061846007/web/images/loading.html]
[demo.w3layouts.com/demos_new/template_demo/10-01-2018/medically-demo_Free/1061846007/web/css/grabbing.html]
[demo.w3layouts.com/demos_new/template_demo/10-01-2018/medically-demo_Free/1061846007/web/css/AjaxLoader.html]
[demo.w3layouts.com/demos_new/template_demo/10-01-2018/medically-demo_Free/1061846007/web/images/b.html]
[demo.w3layouts.com/assests/fonts/fontawesome-webfont3e6e.svg]
[demo.w3layouts.com/assests/fonts/fontawesome-webfont3e6e.svg]
